chktex exit: 0
Rc files read:
  /usr/local/share/latexmk/LatexMk
Latexmk: This is Latexmk, John Collins, 31 Jan. 2024. Version 4.83.
Latexmk: Changing directory to '/compile/MainProject/'
Force *latex to be remade.
------------
Running 'internal overleaf_pre_process "project_final.tex" "/compile/output.pdf"'
------------
Latexmk: calling overleaf_pre_process( "project_final.tex" "/compile/output.pdf" )
Latexmk: applying rule 'pdflatex'...
Rule 'pdflatex':  Reasons for rerun
Category 'other':
  Rerun of 'pdflatex' forced or previously required:
    Reason or flag: 'go_mode=3'

------------
Run number 1 of rule 'pdflatex'
------------
------------
Running 'pdflatex  -synctex=1 -interaction=batchmode -recorder --jobname="output" -output-directory="/compile"  "project_final.tex"'
------------
This is pdfTeX, Version 3.141592653-2.6-1.40.26 (TeX Live 2024) (preloaded format=pdflatex)
 \write18 enabled.
entering extended mode
Latexmk: Getting log file '/compile/output.log'
Latexmk: Examining '/compile/output.fls'
Latexmk: Examining '/compile/output.log'
Latexmk: Found input bbl file '/compile/output.bbl'
Latexmk: Log file says output to '/compile/output.pdf'
Latexmk: Found bibliography file(s):
  /usr/local/texlive/2024/texmf-dist/bibtex/bib/gloss/sample.bib
Latexmk: Summary of warnings from last run of *latex:
  Latex failed to resolve 2 citation(s)
Latexmk: All targets (/compile/output.pdf) are up-to-date
------------
Running 'internal overleaf_post_process "project_final.tex" "/compile/output.pdf"'
------------
Latexmk: calling overleaf_post_process( "project_final.tex" "/compile/output.pdf" )
qpdf exit code=0
Renaming optimised file to /compile/output.pdf
Extracting xref table for /compile/output.pdf
qpdf --show-xref exit code=0
Latexmk: Undoing directory change
'pdflatex': time = 0.46
Processing time = 0.69, of which invoked processes = 0.46, other = 0.23.
Elapsed clock time = 0.88.
Number of rules run = 1

